// Jest Snapshot v1, https://goo.gl/fbAQLP

exports[`storableFile 1`] = `
Object {
  "body": "<h1>Test Post</h1>

<p>the copy of the test post will go here</p>",
  "createdDate": 1485460800,
  "name": "Test Post Seo",
  "seo": "2017-01-27-test-post-seo",
  "updatedDate": 1482363367071,
}
`;
